<root>
    <keyed>
        <bar>bar value</bar>
        <foo>foo value</foo>
    </keyed>
</root>
