<root>
    <unkeyed>value 0</unkeyed>
    <unkeyed>value 1</unkeyed>
</root>
